Microchip MPLAB XC8 Compiler V1.38 ()

Linker command line:

-W-3 --edf=C:\Program Files (x86)\Microchip\xc8\v1.38\dat\en_msgs.txt -cs \
  -h+dist/default/production\MPLAB.production.sym \
  --cmf=dist/default/production\MPLAB.production.cmf -z -Q16LF1825 \
  -oC:\Users\jkassai\AppData\Local\Temp\sg0.2 \
  -Mdist/default/production/MPLAB.production.map -E1 -ver=XC8 \
  -ASTACK=02038h-023efh -pstack=STACK -ACODE=00h-07FFhx4 \
  -ASTRCODE=00h-01FFFh -ASTRING=00h-0FFhx32 -ACONST=00h-0FFhx32 \
  -AENTRY=00h-0FFhx32 -ACOMMON=070h-07Fh -ABANK0=020h-06Fh \
  -ABANK1=0A0h-0EFh -ABANK2=0120h-016Fh -ABANK3=01A0h-01EFh \
  -ABANK4=0220h-026Fh -ABANK5=02A0h-02EFh -ABANK6=0320h-036Fh \
  -ABANK7=03A0h-03EFh -ABANK8=0420h-046Fh -ABANK9=04A0h-04EFh \
  -ABANK10=0520h-056Fh -ABANK11=05A0h-05EFh -ABANK12=0620h-064Fh \
  -ABIGRAM=02000h-023EFh \
  -ARAM=020h-06Fh,0A0h-0EFh,0120h-016Fh,01A0h-01EFh,0220h-026Fh,02A0h-02EFh,0320h-036Fh,03A0h-03EFh,0420h-046Fh,04A0h-04EFh,0520h-056Fh,05A0h-05EFh,0620h-064Fh \
  -AABS1=020h-07Fh,0A0h-0EFh,0120h-016Fh,01A0h-01EFh,0220h-026Fh,02A0h-02EFh,0320h-036Fh,03A0h-03EFh,0420h-046Fh,04A0h-04EFh,0520h-056Fh,05A0h-05EFh,0620h-064Fh \
  -ASFR0=00h-01Fh -ASFR1=080h-09Fh -ASFR2=0100h-011Fh -ASFR3=0180h-019Fh \
  -ASFR4=0200h-021Fh -ASFR5=0280h-029Fh -ASFR6=0300h-031Fh \
  -ASFR7=0380h-039Fh -ASFR8=0400h-041Fh -ASFR9=0480h-049Fh \
  -ASFR10=0500h-051Fh -ASFR11=0580h-059Fh -ASFR12=0600h-061Fh \
  -ASFR13=0680h-06EFh -ASFR14=0700h-076Fh -ASFR15=0780h-07EFh \
  -ASFR16=0800h-086Fh -ASFR17=0880h-08EFh -ASFR18=0900h-096Fh \
  -ASFR19=0980h-09EFh -ASFR20=0A00h-0A6Fh -ASFR21=0A80h-0AEFh \
  -ASFR22=0B00h-0B6Fh -ASFR23=0B80h-0BEFh -ASFR24=0C00h-0C6Fh \
  -ASFR25=0C80h-0CEFh -ASFR26=0D00h-0D6Fh -ASFR27=0D80h-0DEFh \
  -ASFR28=0E00h-0E6Fh -ASFR29=0E80h-0EEFh -ASFR30=0F00h-0F6Fh \
  -ASFR31=0F80h-0FEFh -preset_vec=00h,intentry,init,end_init -ppowerup=CODE \
  -pcinit=CODE -pfunctab=CODE -ACONFIG=08007h-08008h -pconfig=CONFIG \
  -DCONFIG=2 -AIDLOC=08000h-08003h -pidloc=IDLOC -DIDLOC=2 \
  -AEEDATA=00h-0FFh/0F000h -peeprom_data=EEDATA -DEEDATA=2 -DCODE=2 \
  -DSTRCODE=2 -DSTRING=2 -DCONST=2 -DENTRY=2 -k \
  C:\Users\jkassai\AppData\Local\Temp\sg0.obj \
  dist/default/production\MPLAB.production.obj 

Object code version is 3.11

Machine type is 16LF1825



                Name                               Link     Load   Length Selector   Space Scale
C:\Users\jkassai\AppData\Local\Temp\sg0.obj
                end_init                              2        2        2        0       0
                reset_vec                             0        0        2        0       0
                config                             8007     8007        2    1000E       0
dist/default/production\MPLAB.production.obj
                cinit                               7F2      7F2        E      FE4       0
                text22                              5C4      5C4       86      B88       0
                text21                              308      308        6      610       0
                text20                              300      300        4      600       0
                text19                              329      329        9      652       0
                text18                              304      304        4      608       0
                text17                              332      332        A      664       0
                text16                              4F9      4F9       64      9F2       0
                text15                              64A      64A       B3      C94       0
                text14                              347      347       13      68E       0
                text13                              314      314        7      628       0
                text12                              31B      31B        7      636       0
                text11                              322      322        7      644       0
                text10                              35A      35A       15      6B4       0
                text9                               33C      33C        B      678       0
                text8                               3A4      3A4       39      748       0
                text7                               4A8      4A8       51      950       0
                text6                               41A      41A       40      834       0
                text5                               6FD      6FD       F5      DFA       0
                text4                               386      386       1E      70C       0
                text3                               55D      55D       67      ABA       0
                text2                               36F      36F       17      6DE       0
                text1                               3DD      3DD       3D      7BA       0
                maintext                            45A      45A       4E      8B4       0
                cstackBANK0                          3C       3C       1B       20       1
                cstackCOMMON                         70       70        E       70       1
                clrtext                             30E      30E        6      61C       0
                dataBANK0                            57       57        1       20       1
                bssBANK0                             20       20       1C       20       1
                stringtext                          800      800       AC     1000       0
                idataBANK0                          2FF      2FF        1      5FE       0

TOTAL           Name                               Link     Load   Length     Space
        CLASS   STACK          

        CLASS   CODE           
                end_init                              2        2        2         0
                cinit                               7F2      7F2        E         0
                reset_vec                             0        0        2         0
                text22                              5C4      5C4       86         0
                text21                              308      308        6         0
                text20                              300      300        4         0
                text19                              329      329        9         0
                text18                              304      304        4         0
                text17                              332      332        A         0
                text16                              4F9      4F9       64         0
                text15                              64A      64A       B3         0
                text14                              347      347       13         0
                text13                              314      314        7         0
                text12                              31B      31B        7         0
                text11                              322      322        7         0
                text10                              35A      35A       15         0
                text9                               33C      33C        B         0
                text8                               3A4      3A4       39         0
                text7                               4A8      4A8       51         0
                text6                               41A      41A       40         0
                text5                               6FD      6FD       F5         0
                text4                               386      386       1E         0
                text3                               55D      55D       67         0
                text2                               36F      36F       17         0
                text1                               3DD      3DD       3D         0
                maintext                            45A      45A       4E         0
                clrtext                             30E      30E        6         0
                idataBANK0                          2FF      2FF        1         0

        CLASS   STRCODE        
                stringtext                          800      800       AC         0

        CLASS   STRING         

        CLASS   CONST          

        CLASS   ENTRY          

        CLASS   COMMON         
                cstackCOMMON                         70       70        E         1

        CLASS   BANK0          
                cstackBANK0                          3C       3C       1B         1
                dataBANK0                            57       57        1         1
                bssBANK0                             20       20       1C         1

        CLASS   BANK1          

        CLASS   BANK2          

        CLASS   BANK3          

        CLASS   BANK4          

        CLASS   BANK5          

        CLASS   BANK6          

        CLASS   BANK7          

        CLASS   BANK8          

        CLASS   BANK9          

        CLASS   BANK10         

        CLASS   BANK11         

        CLASS   BANK12         

        CLASS   BIGRAM         

        CLASS   RAM            

        CLASS   ABS1           
                abs_s1                               7E       7E        2         1

        CLASS   SFR0           

        CLASS   SFR1           

        CLASS   SFR2           

        CLASS   SFR3           

        CLASS   SFR4           

        CLASS   SFR5           

        CLASS   SFR6           

        CLASS   SFR7           

        CLASS   SFR8           

        CLASS   SFR9           

        CLASS   SFR10          

        CLASS   SFR11          

        CLASS   SFR12          

        CLASS   SFR13          

        CLASS   SFR14          

        CLASS   SFR15          

        CLASS   SFR16          

        CLASS   SFR17          

        CLASS   SFR18          

        CLASS   SFR19          

        CLASS   SFR20          

        CLASS   SFR21          

        CLASS   SFR22          

        CLASS   SFR23          

        CLASS   SFR24          

        CLASS   SFR25          

        CLASS   SFR26          

        CLASS   SFR27          

        CLASS   SFR28          

        CLASS   SFR29          

        CLASS   SFR30          

        CLASS   SFR31          

        CLASS   CONFIG         
                config                             8007     8007        2         0

        CLASS   IDLOC          

        CLASS   EEDATA         

        CLASS   BANK31         

        CLASS   BANK30         

        CLASS   BANK29         

        CLASS   BANK28         

        CLASS   BANK27         

        CLASS   BANK26         

        CLASS   BANK25         

        CLASS   BANK24         

        CLASS   BANK23         

        CLASS   BANK22         

        CLASS   BANK21         

        CLASS   BANK20         

        CLASS   BANK19         

        CLASS   BANK18         

        CLASS   BANK17         

        CLASS   BANK16         

        CLASS   BANK15         

        CLASS   BANK14         

        CLASS   BANK13         



SEGMENTS        Name                           Load    Length   Top    Selector   Space  Class     Delta

                reset_vec                      000000  000004  000004         0       0  CODE        2
                bssBANK0                       000020  000038  000058        20       1  BANK0       1
                cstackCOMMON                   000070  00000E  00007E        70       1  COMMON      1
                idataBANK0                     0002FF  000001  000300       5FE       0  CODE        2
                text20                         000300  000004  000304       600       0  CODE        2
                text18                         000304  000004  000308       608       0  CODE        2
                text21                         000308  000006  00030E       610       0  CODE        2
                clrtext                        00030E  000006  000314       61C       0  CODE        2
                text13                         000314  000007  00031B       628       0  CODE        2
                text12                         00031B  000007  000322       636       0  CODE        2
                text11                         000322  000007  000329       644       0  CODE        2
                text19                         000329  000009  000332       652       0  CODE        2
                text17                         000332  00000A  00033C       664       0  CODE        2
                text9                          00033C  00000B  000347       678       0  CODE        2
                text14                         000347  000013  00035A       68E       0  CODE        2
                text10                         00035A  000015  00036F       6B4       0  CODE        2
                text2                          00036F  000017  000386       6DE       0  CODE        2
                text4                          000386  00001E  0003A4       70C       0  CODE        2
                text8                          0003A4  000039  0003DD       748       0  CODE        2
                text1                          0003DD  00003D  00041A       7BA       0  CODE        2
                text6                          00041A  000040  00045A       834       0  CODE        2
                maintext                       00045A  00004E  0004A8       8B4       0  CODE        2
                text7                          0004A8  000051  0004F9       950       0  CODE        2
                text16                         0004F9  000064  00055D       9F2       0  CODE        2
                text3                          00055D  000067  0005C4       ABA       0  CODE        2
                text22                         0005C4  000086  00064A       B88       0  CODE        2
                text15                         00064A  0000B3  0006FD       C94       0  CODE        2
                text5                          0006FD  0000F5  0007F2       DFA       0  CODE        2
                cinit                          0007F2  00000E  000800       FE4       0  CODE        2
                stringtext                     000800  0000AC  0008AC      1000       0  STRCODE     2
                config                         008007  000002  008009     1000E       0  CONFIG      2


UNUSED ADDRESS RANGES

        Name                Unused          Largest block    Delta
        BANK0            00058-0006F              18           1
        BANK1            000A0-000EF              50           1
        BANK10           00520-0056F              50           1
        BANK11           005A0-005EF              50           1
        BANK12           00620-0064F              30           1
        BANK2            00120-0016F              50           1
        BANK3            001A0-001EF              50           1
        BANK4            00220-0026F              50           1
        BANK5            002A0-002EF              50           1
        BANK6            00320-0036F              50           1
        BANK7            003A0-003EF              50           1
        BANK8            00420-0046F              50           1
        BANK9            004A0-004EF              50           1
        BIGRAM           02000-023EF             3F0           1
        CODE             00004-002FE             2FB           2
                         008AC-01FFF             800
        CONST            00004-002FE             100           2
                         008AC-01FFF             100
        EEDATA           0F000-0F0FF             100           2
        ENTRY            00004-002FE             100           2
                         008AC-01FFF             100
        IDLOC            08000-08003               4           2
        RAM              00058-0006F              18           1
                         000A0-000EF              50
                         00120-0016F              50
                         001A0-001EF              50
                         00220-0026F              50
                         002A0-002EF              50
                         00320-0036F              50
                         003A0-003EF              50
                         00420-0046F              50
                         004A0-004EF              50
                         00520-0056F              50
                         005A0-005EF              50
                         00620-0064F              30
        SFR0             00000-0001F              20           1
        SFR1             00080-0009F              20           1
        SFR10            00500-0051F              20           1
        SFR11            00580-0059F              20           1
        SFR12            00600-0061F              20           1
        SFR13            00680-006EF              70           1
        SFR14            00700-0076F              70           1
        SFR15            00780-007EF              70           1
        SFR16            00800-0086F              70           1
        SFR17            00880-008EF              70           1
        SFR18            00900-0096F              70           1
        SFR19            00980-009EF              70           1
        SFR2             00100-0011F              20           1
        SFR20            00A00-00A6F              70           1
        SFR21            00A80-00AEF              70           1
        SFR22            00B00-00B6F              70           1
        SFR23            00B80-00BEF              70           1
        SFR24            00C00-00C6F              70           1
        SFR25            00C80-00CEF              70           1
        SFR26            00D00-00D6F              70           1
        SFR27            00D80-00DEF              70           1
        SFR28            00E00-00E6F              70           1
        SFR29            00E80-00EEF              70           1
        SFR3             00180-0019F              20           1
        SFR30            00F00-00F6F              70           1
        SFR31            00F80-00FEF              70           1
        SFR4             00200-0021F              20           1
        SFR5             00280-0029F              20           1
        SFR6             00300-0031F              20           1
        SFR7             00380-0039F              20           1
        SFR8             00400-0041F              20           1
        SFR9             00480-0049F              20           1
        STACK            02038-023EF             3B8           1
        STRCODE          00004-002FE             2FB           2
                         008AC-01FFF            1754
        STRING           00004-002FE             100           2
                         008AC-01FFF             100

                                  Symbol Table

?___ftadd                                    cstackCOMMON 00078
?___ftmul                                    cstackCOMMON 00078
?___ftpack                                   cstackCOMMON 00070
?___ftsub                                    cstackBANK0  00043
?___fttol                                    cstackCOMMON 00070
?___lwtoft                                   cstackCOMMON 00078
?_hdc1080ReadHumidity                        cstackBANK0  00046
?_hdc1080ReadTemperature                     cstackBANK0  00049
?_i2cReadValue16                             cstackCOMMON 00071
_APFCON0bits                                 (abs)        0011D
_BAUDCONbits                                 (abs)        0019F
_HDC1080Registers                            stringtext   00888
_INTCONbits                                  (abs)        0000B
_OSCCONbits                                  (abs)        00099
_RCIF                                        (abs)        0008D
_RCREG                                       (abs)        00199
_RCSTAbits                                   (abs)        0019D
_SPBRGH                                      (abs)        0019C
_SPBRGL                                      (abs)        0019B
_SSP1ADD                                     (abs)        00212
_SSP1BUF                                     (abs)        00211
_SSP1CON1bits                                (abs)        00215
_SSP1CON2bits                                (abs)        00216
_SSP1IF                                      (abs)        0008B
_TXIF                                        (abs)        0008C
_TXREG                                       (abs)        0019A
_TXSTAbits                                   (abs)        0019E
__CFG_BOREN$ON                               (abs)        00000
__CFG_BORV$LO                                (abs)        00000
__CFG_CLKOUTEN$OFF                           (abs)        00000
__CFG_CP$OFF                                 (abs)        00000
__CFG_CPD$OFF                                (abs)        00000
__CFG_FCMEN$ON                               (abs)        00000
__CFG_FOSC$INTOSC                            (abs)        00000
__CFG_IESO$ON                                (abs)        00000
__CFG_LVP$ON                                 (abs)        00000
__CFG_MCLRE$OFF                              (abs)        00000
__CFG_PLLEN$ON                               (abs)        00000
__CFG_PWRTE$OFF                              (abs)        00000
__CFG_STVREN$ON                              (abs)        00000
__CFG_WDTE$OFF                               (abs)        00000
__CFG_WRT$OFF                                (abs)        00000
__Habs1                                      abs1         00000
__Hbank0                                     bank0        00000
__Hbank1                                     bank1        00000
__Hbank10                                    bank10       00000
__Hbank11                                    bank11       00000
__Hbank12                                    bank12       00000
__Hbank13                                    bank13       00000
__Hbank14                                    bank14       00000
__Hbank15                                    bank15       00000
__Hbank16                                    bank16       00000
__Hbank17                                    bank17       00000
__Hbank18                                    bank18       00000
__Hbank19                                    bank19       00000
__Hbank2                                     bank2        00000
__Hbank20                                    bank20       00000
__Hbank21                                    bank21       00000
__Hbank22                                    bank22       00000
__Hbank23                                    bank23       00000
__Hbank24                                    bank24       00000
__Hbank25                                    bank25       00000
__Hbank26                                    bank26       00000
__Hbank27                                    bank27       00000
__Hbank28                                    bank28       00000
__Hbank29                                    bank29       00000
__Hbank3                                     bank3        00000
__Hbank30                                    bank30       00000
__Hbank31                                    bank31       00000
__Hbank4                                     bank4        00000
__Hbank5                                     bank5        00000
__Hbank6                                     bank6        00000
__Hbank7                                     bank7        00000
__Hbank8                                     bank8        00000
__Hbank9                                     bank9        00000
__Hbigram                                    bigram       00000
__HbssBANK0                                  bssBANK0     00000
__Hcinit                                     cinit        00800
__Hclrtext                                   clrtext      00000
__Hcode                                      code         00000
__Hcommon                                    common       00000
__Hconfig                                    config       08009
__HcstackBANK0                               cstackBANK0  00000
__HcstackCOMMON                              cstackCOMMON 00000
__HdataBANK0                                 dataBANK0    00000
__Heeprom_data                               eeprom_data  00000
__Hend_init                                  end_init     00004
__Hfunctab                                   functab      00000
__HidataBANK0                                idataBANK0   00000
__Hidloc                                     idloc        00000
__Hinit                                      init         00002
__Hintentry                                  intentry     00002
__Hmaintext                                  maintext     00000
__Hpowerup                                   powerup      00000
__Hram                                       ram          00000
__Hreset_vec                                 reset_vec    00002
__Hsfr0                                      sfr0         00000
__Hsfr1                                      sfr1         00000
__Hsfr10                                     sfr10        00000
__Hsfr11                                     sfr11        00000
__Hsfr12                                     sfr12        00000
__Hsfr13                                     sfr13        00000
__Hsfr14                                     sfr14        00000
__Hsfr15                                     sfr15        00000
__Hsfr16                                     sfr16        00000
__Hsfr17                                     sfr17        00000
__Hsfr18                                     sfr18        00000
__Hsfr19                                     sfr19        00000
__Hsfr2                                      sfr2         00000
__Hsfr20                                     sfr20        00000
__Hsfr21                                     sfr21        00000
__Hsfr22                                     sfr22        00000
__Hsfr23                                     sfr23        00000
__Hsfr24                                     sfr24        00000
__Hsfr25                                     sfr25        00000
__Hsfr26                                     sfr26        00000
__Hsfr27                                     sfr27        00000
__Hsfr28                                     sfr28        00000
__Hsfr29                                     sfr29        00000
__Hsfr3                                      sfr3         00000
__Hsfr30                                     sfr30        00000
__Hsfr31                                     sfr31        00000
__Hsfr4                                      sfr4         00000
__Hsfr5                                      sfr5         00000
__Hsfr6                                      sfr6         00000
__Hsfr7                                      sfr7         00000
__Hsfr8                                      sfr8         00000
__Hsfr9                                      sfr9         00000
__Hspace_0                                   (abs)        08009
__Hspace_1                                   (abs)        0007E
__Hspace_2                                   (abs)        00000
__Hspace_3                                   (abs)        00000
__Hstack                                     stack        00000
__Hstrings                                   strings      00000
__Hstringtext                                stringtext   00000
__Htext                                      text         00000
__Labs1                                      abs1         00000
__Lbank0                                     bank0        00000
__Lbank1                                     bank1        00000
__Lbank10                                    bank10       00000
__Lbank11                                    bank11       00000
__Lbank12                                    bank12       00000
__Lbank13                                    bank13       00000
__Lbank14                                    bank14       00000
__Lbank15                                    bank15       00000
__Lbank16                                    bank16       00000
__Lbank17                                    bank17       00000
__Lbank18                                    bank18       00000
__Lbank19                                    bank19       00000
__Lbank2                                     bank2        00000
__Lbank20                                    bank20       00000
__Lbank21                                    bank21       00000
__Lbank22                                    bank22       00000
__Lbank23                                    bank23       00000
__Lbank24                                    bank24       00000
__Lbank25                                    bank25       00000
__Lbank26                                    bank26       00000
__Lbank27                                    bank27       00000
__Lbank28                                    bank28       00000
__Lbank29                                    bank29       00000
__Lbank3                                     bank3        00000
__Lbank30                                    bank30       00000
__Lbank31                                    bank31       00000
__Lbank4                                     bank4        00000
__Lbank5                                     bank5        00000
__Lbank6                                     bank6        00000
__Lbank7                                     bank7        00000
__Lbank8                                     bank8        00000
__Lbank9                                     bank9        00000
__Lbigram                                    bigram       00000
__LbssBANK0                                  bssBANK0     00000
__Lcinit                                     cinit        007F2
__Lclrtext                                   clrtext      00000
__Lcode                                      code         00000
__Lcommon                                    common       00000
__Lconfig                                    config       08007
__LcstackBANK0                               cstackBANK0  00000
__LcstackCOMMON                              cstackCOMMON 00000
__LdataBANK0                                 dataBANK0    00000
__Leeprom_data                               eeprom_data  00000
__Lend_init                                  end_init     00002
__Lfunctab                                   functab      00000
__LidataBANK0                                idataBANK0   00000
__Lidloc                                     idloc        00000
__Linit                                      init         00002
__Lintentry                                  intentry     00002
__Lmaintext                                  maintext     00000
__Lpowerup                                   powerup      00000
__Lram                                       ram          00000
__Lreset_vec                                 reset_vec    00000
__Lsfr0                                      sfr0         00000
__Lsfr1                                      sfr1         00000
__Lsfr10                                     sfr10        00000
__Lsfr11                                     sfr11        00000
__Lsfr12                                     sfr12        00000
__Lsfr13                                     sfr13        00000
__Lsfr14                                     sfr14        00000
__Lsfr15                                     sfr15        00000
__Lsfr16                                     sfr16        00000
__Lsfr17                                     sfr17        00000
__Lsfr18                                     sfr18        00000
__Lsfr19                                     sfr19        00000
__Lsfr2                                      sfr2         00000
__Lsfr20                                     sfr20        00000
__Lsfr21                                     sfr21        00000
__Lsfr22                                     sfr22        00000
__Lsfr23                                     sfr23        00000
__Lsfr24                                     sfr24        00000
__Lsfr25                                     sfr25        00000
__Lsfr26                                     sfr26        00000
__Lsfr27                                     sfr27        00000
__Lsfr28                                     sfr28        00000
__Lsfr29                                     sfr29        00000
__Lsfr3                                      sfr3         00000
__Lsfr30                                     sfr30        00000
__Lsfr31                                     sfr31        00000
__Lsfr4                                      sfr4         00000
__Lsfr5                                      sfr5         00000
__Lsfr6                                      sfr6         00000
__Lsfr7                                      sfr7         00000
__Lsfr8                                      sfr8         00000
__Lsfr9                                      sfr9         00000
__Lspace_0                                   (abs)        00000
__Lspace_1                                   (abs)        00000
__Lspace_2                                   (abs)        00000
__Lspace_3                                   (abs)        00000
__Lstack                                     stack        00000
__Lstrings                                   strings      00000
__Lstringtext                                stringtext   00000
__Ltext                                      text         00000
__S0                                         (abs)        08009
__S1                                         (abs)        0007E
__S2                                         (abs)        00000
__S3                                         (abs)        00000
___ftadd                                     text5        006FD
___ftadd@exp1                                cstackBANK0  00042
___ftadd@exp2                                cstackBANK0  00041
___ftadd@f1                                  cstackCOMMON 00078
___ftadd@f2                                  cstackCOMMON 0007B
___ftadd@sign                                cstackBANK0  00040
___ftmul                                     text15       0064A
___ftmul@cntr                                cstackBANK0  00044
___ftmul@exp                                 cstackBANK0  00040
___ftmul@f1                                  cstackCOMMON 00078
___ftmul@f2                                  cstackCOMMON 0007B
___ftmul@f3_as_product                       cstackBANK0  00041
___ftmul@sign                                cstackBANK0  00045
___ftpack                                    text16       004F9
___ftpack@arg                                cstackCOMMON 00070
___ftpack@exp                                cstackCOMMON 00073
___ftpack@sign                               cstackCOMMON 00074
___ftsub                                     text4        00386
___ftsub@f1                                  cstackBANK0  00046
___ftsub@f2                                  cstackBANK0  00043
___fttol                                     text22       005C4
___fttol@exp1                                cstackCOMMON 0007D
___fttol@f1                                  cstackCOMMON 00070
___fttol@lval                                cstackCOMMON 00079
___fttol@sign1                               cstackCOMMON 00078
___int_sp                                    stack        00000
___latbits                                   (abs)        00002
___lwtoft                                    text14       00347
___lwtoft@c                                  cstackCOMMON 00078
___sp                                        stack        00000
__end_of_HDC1080Registers                    stringtext   00891
__end_of___ftadd                             text5        007F2
__end_of___ftmul                             text15       006FD
__end_of___ftpack                            text16       0055D
__end_of___ftsub                             text4        003A4
__end_of___fttol                             text22       0064A
__end_of___lwtoft                            text14       0035A
__end_of__initialization                     cinit        007FD
__end_of_configureClock                      text21       0030E
__end_of_configureGPIO                       text20       00304
__end_of_configureI2C                        text19       00332
__end_of_configureInterrupts                 text18       00308
__end_of_configureUART                       text17       0033C
__end_of_esp8266ATCommands                   stringtext   00844
__end_of_hdc1080ReadHumidity                 text7        004F9
__end_of_hdc1080ReadSerialID                 text6        0045A
__end_of_hdc1080ReadTemperature              text3        005C4
__end_of_hdc1080WriteConfiguration           text1        0041A
__end_of_i2cInitiateRestartCondition         text13       0031B
__end_of_i2cInitiateStartCondition           text12       00322
__end_of_i2cInitiateStopCondition            text11       00329
__end_of_i2cReadValue16                      text8        003DD
__end_of_i2cReceive                          text10       0036F
__end_of_i2cTransmit                         text9        00347
__end_of_i2cWriteValue16                     text2        00386
__end_of_main                                maintext     004A8
__end_ofesp8266@esp8266ATCommands            stringtext   00888
__initialization                             cinit        007F2
__pbssBANK0                                  bssBANK0     00020
__pcstackBANK0                               cstackBANK0  0003C
__pcstackCOMMON                              cstackCOMMON 00070
__pdataBANK0                                 dataBANK0    00057
__pidataBANK0                                idataBANK0   002FF
__pmaintext                                  maintext     0045A
__pstringtext                                stringtext   00800
__ptext1                                     text1        003DD
__ptext10                                    text10       0035A
__ptext11                                    text11       00322
__ptext12                                    text12       0031B
__ptext13                                    text13       00314
__ptext14                                    text14       00347
__ptext15                                    text15       0064A
__ptext16                                    text16       004F9
__ptext17                                    text17       00332
__ptext18                                    text18       00304
__ptext19                                    text19       00329
__ptext2                                     text2        0036F
__ptext20                                    text20       00300
__ptext21                                    text21       00308
__ptext22                                    text22       005C4
__ptext3                                     text3        0055D
__ptext4                                     text4        00386
__ptext5                                     text5        006FD
__ptext6                                     text6        0041A
__ptext7                                     text7        004A8
__ptext8                                     text8        003A4
__ptext9                                     text9        0033C
__size_of___ftadd                            (abs)        00000
__size_of___ftmul                            (abs)        00000
__size_of___ftpack                           (abs)        00000
__size_of___ftsub                            (abs)        00000
__size_of___fttol                            (abs)        00000
__size_of___lwtoft                           (abs)        00000
__size_of_configureClock                     (abs)        00000
__size_of_configureGPIO                      (abs)        00000
__size_of_configureI2C                       (abs)        00000
__size_of_configureInterrupts                (abs)        00000
__size_of_configureUART                      (abs)        00000
__size_of_hdc1080ReadHumidity                (abs)        00000
__size_of_hdc1080ReadSerialID                (abs)        00000
__size_of_hdc1080ReadTemperature             (abs)        00000
__size_of_hdc1080WriteConfiguration          (abs)        00000
__size_of_i2cInitiateRestartCondition        (abs)        00000
__size_of_i2cInitiateStartCondition          (abs)        00000
__size_of_i2cInitiateStopCondition           (abs)        00000
__size_of_i2cReadValue16                     (abs)        00000
__size_of_i2cReceive                         (abs)        00000
__size_of_i2cTransmit                        (abs)        00000
__size_of_i2cWriteValue16                    (abs)        00000
__size_of_main                               (abs)        00000
_configureClock                              text21       00308
_configureGPIO                               text20       00300
_configureI2C                                text19       00329
_configureInterrupts                         text18       00304
_configureUART                               text17       00332
_hdc1080ReadHumidity                         text7        004A8
_hdc1080ReadSerialID                         text6        0041A
_hdc1080ReadTemperature                      text3        0055D
_hdc1080WriteConfiguration                   text1        003DD
_hdc1080WriteConfiguration$398               cstackCOMMON 0007B
_i2cInitiateRestartCondition                 text13       00314
_i2cInitiateStartCondition                   text12       0031B
_i2cInitiateStopCondition                    text11       00322
_i2cReadValue16                              text8        003A4
_i2cReceive                                  text10       0035A
_i2cTransmit                                 text9        0033C
_i2cWriteValue16                             text2        0036F
_main                                        maintext     0045A
btemp                                        (abs)        0007E
clear_ram0                                   clrtext      0030E
end_of_initialization                        cinit        007FD
esp8266@esp8266ATCommands                    stringtext   00844
hdc1080ReadDeviceID@result                   bssBANK0     0002A
hdc1080ReadHumidity@result                   bssBANK0     00024
hdc1080ReadMfgID@result                      bssBANK0     0002C
hdc1080ReadSerialID@result                   bssBANK0     00036
hdc1080ReadTemperature@result                bssBANK0     00027
hdc1080WriteConfiguration@config             bssBANK0     0002E
hdc1080WriteConfiguration@configurationValue cstackCOMMON 00076
hdc1080WriteConfiguration@result             bssBANK0     00030
i2cReadValue16@deviceAddress                 cstackCOMMON 00075
i2cReadValue16@registerAddress               cstackCOMMON 00071
i2cReadValue16@returnValue                   bssBANK0     00032
i2cReadValue32@returnValue                   bssBANK0     00020
i2cReceive@ackFlag                           cstackCOMMON 00070
i2cTransmit@transmitValue                    cstackCOMMON 00070
i2cWriteValue16@deviceAddress                cstackCOMMON 00074
i2cWriteValue16@registerAddress              cstackCOMMON 00071
i2cWriteValue16@registerValueLower           cstackCOMMON 00073
i2cWriteValue16@registerValueUpper           cstackCOMMON 00072
intlevel0                                    functab      00000
intlevel1                                    functab      00000
intlevel2                                    functab      00000
intlevel3                                    functab      00000
intlevel4                                    functab      00000
intlevel5                                    functab      00000
ltemp                                        (abs)        0007E
ltemp0                                       (abs)        0007E
ltemp1                                       (abs)        00082
ltemp2                                       (abs)        00086
ltemp3                                       (abs)        00080
main@hdc1080SerialNumber                     cstackBANK0  00050
main@humiInt                                 cstackBANK0  0004F
main@humidity                                cstackBANK0  00054
main@tempInt                                 cstackBANK0  0004E
main@temperature                             cstackBANK0  00051
reset_vec                                    reset_vec    00000
stackhi                                      (abs)        023EF
stacklo                                      (abs)        02038
start                                        init         00002
start_initialization                         cinit        007F2
ttemp                                        (abs)        0007E
ttemp0                                       (abs)        0007E
ttemp1                                       (abs)        00081
ttemp2                                       (abs)        00084
ttemp3                                       (abs)        00087
ttemp4                                       (abs)        0007F
wtemp                                        (abs)        0007E
wtemp0                                       (abs)        0007E
wtemp1                                       (abs)        00080
wtemp2                                       (abs)        00082
wtemp3                                       (abs)        00084
wtemp4                                       (abs)        00086
wtemp5                                       (abs)        00088
wtemp6                                       (abs)        0007F


FUNCTION INFORMATION:

 *************** function _main *****************
 Defined at:
		line 11 in file "source/main.c"
 Parameters:    Size  Location     Type
		None
 Auto vars:     Size  Location     Type
  humidity        3   24[BANK0 ] float 
  temperature     3   21[BANK0 ] float 
  hdc1080Seria    1   20[BANK0 ] PTR unsigned int 
		 -> hdc1080ReadSerialID@result(6), 
  humiInt         1   19[BANK0 ] char 
  tempInt         1   18[BANK0 ] char 
 Return value:  Size  Location     Type
                  1    wreg      void 
 Registers used:
		wreg, fsr0l, fsr0h, status,2, status,0, pclath, cstack
 Tracked objects:
		On entry : 
		On exit  : 
		Unchanged: 
 Data sizes:     COMMON   BANK0   BANK1   BANK2   BANK3   BANK4   BANK5   BANK6   BANK7   BANK8   BANK9  BANK10  BANK11  BANK12
      Params:         0       0       0       0       0       0       0       0       0       0       0       0       0       0
      Locals:         0       9       0       0       0       0       0       0       0       0       0       0       0       0
      Temps:          0       1       0       0       0       0       0       0       0       0       0       0       0       0
      Totals:         0      10       0       0       0       0       0       0       0       0       0       0       0       0
Total ram usage:       10 bytes
 Hardware stack levels required when called:    4
 This function calls:
		___fttol
		_configureClock
		_configureGPIO
		_configureI2C
		_configureInterrupts
		_configureUART
		_hdc1080ReadHumidity
		_hdc1080ReadSerialID
		_hdc1080ReadTemperature
		_hdc1080WriteConfiguration
 This function is called by:
		Startup code after reset
 This function uses a non-reentrant model


 *************** function _hdc1080WriteConfiguration *****************
 Defined at:
		line 46 in file "source/hdc1080.c"
 Parameters:    Size  Location     Type
  configuratio    2    6[COMMON] unsigned int 
 Auto vars:     Size  Location     Type
		None
 Return value:  Size  Location     Type
                  2    6[COMMON] unsigned int 
 Registers used:
		wreg, fsr0l, fsr0h, status,2, status,0, pclath, cstack
 Tracked objects:
		On entry : 
		On exit  : 
		Unchanged: 
 Data sizes:     COMMON   BANK0   BANK1   BANK2   BANK3   BANK4   BANK5   BANK6   BANK7   BANK8   BANK9  BANK10  BANK11  BANK12
      Params:         2       0       0       0       0       0       0       0       0       0       0       0       0       0
      Locals:         1       0       0       0       0       0       0       0       0       0       0       0       0       0
      Temps:          3       0       0       0       0       0       0       0       0       0       0       0       0       0
      Totals:         6       0       0       0       0       0       0       0       0       0       0       0       0       0
Total ram usage:        6 bytes
 Hardware stack levels used:    1
 Hardware stack levels required when called:    2
 This function calls:
		_i2cReadValue16
		_i2cWriteValue16
 This function is called by:
		_main
 This function uses a non-reentrant model


 *************** function _i2cWriteValue16 *****************
 Defined at:
		line 87 in file "source/i2c.c"
 Parameters:    Size  Location     Type
  deviceAddres    1    wreg     unsigned char 
  registerAddr    1    1[COMMON] unsigned char 
  registerValu    1    2[COMMON] unsigned char 
  registerValu    1    3[COMMON] unsigned char 
 Auto vars:     Size  Location     Type
  deviceAddres    1    4[COMMON] unsigned char 
 Return value:  Size  Location     Type
                  1    wreg      void 
 Registers used:
		wreg, status,2, status,0, pclath, cstack
 Tracked objects:
		On entry : 
		On exit  : 
		Unchanged: 
 Data sizes:     COMMON   BANK0   BANK1   BANK2   BANK3   BANK4   BANK5   BANK6   BANK7   BANK8   BANK9  BANK10  BANK11  BANK12
      Params:         3       0       0       0       0       0       0       0       0       0       0       0       0       0
      Locals:         1       0       0       0       0       0       0       0       0       0       0       0       0       0
      Temps:          0       0       0       0       0       0       0       0       0       0       0       0       0       0
      Totals:         4       0       0       0       0       0       0       0       0       0       0       0       0       0
Total ram usage:        4 bytes
 Hardware stack levels used:    1
 Hardware stack levels required when called:    1
 This function calls:
		_i2cInitiateStartCondition
		_i2cInitiateStopCondition
		_i2cTransmit
 This function is called by:
		_hdc1080WriteConfiguration
 This function uses a non-reentrant model


 *************** function _hdc1080ReadTemperature *****************
 Defined at:
		line 5 in file "source/hdc1080.c"
 Parameters:    Size  Location     Type
		None
 Auto vars:     Size  Location     Type
		None
 Return value:  Size  Location     Type
                  3   13[BANK0 ] float 
 Registers used:
		wreg, fsr0l, fsr0h, status,2, status,0, pclath, cstack
 Tracked objects:
		On entry : 
		On exit  : 
		Unchanged: 
 Data sizes:     COMMON   BANK0   BANK1   BANK2   BANK3   BANK4   BANK5   BANK6   BANK7   BANK8   BANK9  BANK10  BANK11  BANK12
      Params:         0       3       0       0       0       0       0       0       0       0       0       0       0       0
      Locals:         0       0       0       0       0       0       0       0       0       0       0       0       0       0
      Temps:          0       1       0       0       0       0       0       0       0       0       0       0       0       0
      Totals:         0       4       0       0       0       0       0       0       0       0       0       0       0       0
Total ram usage:        4 bytes
 Hardware stack levels used:    1
 Hardware stack levels required when called:    3
 This function calls:
		___ftmul
		___ftsub
		___lwtoft
		_i2cReadValue16
 This function is called by:
		_main
 This function uses a non-reentrant model


 *************** function ___ftsub *****************
 Defined at:
		line 18 in file "C:\Program Files (x86)\Microchip\xc8\v1.38\sources\common\ftsub.c"
 Parameters:    Size  Location     Type
  f2              3    7[BANK0 ] float 
  f1              3   10[BANK0 ] float 
 Auto vars:     Size  Location     Type
		None
 Return value:  Size  Location     Type
                  3    7[BANK0 ] float 
 Registers used:
		wreg, status,2, status,0, pclath, cstack
 Tracked objects:
		On entry : 
		On exit  : 
		Unchanged: 
 Data sizes:     COMMON   BANK0   BANK1   BANK2   BANK3   BANK4   BANK5   BANK6   BANK7   BANK8   BANK9  BANK10  BANK11  BANK12
      Params:         0       6       0       0       0       0       0       0       0       0       0       0       0       0
      Locals:         0       0       0       0       0       0       0       0       0       0       0       0       0       0
      Temps:          0       0       0       0       0       0       0       0       0       0       0       0       0       0
      Totals:         0       6       0       0       0       0       0       0       0       0       0       0       0       0
Total ram usage:        6 bytes
 Hardware stack levels used:    1
 Hardware stack levels required when called:    2
 This function calls:
		___ftadd
 This function is called by:
		_hdc1080ReadTemperature
 This function uses a non-reentrant model


 *************** function ___ftadd *****************
 Defined at:
		line 86 in file "C:\Program Files (x86)\Microchip\xc8\v1.38\sources\common\ftadd.c"
 Parameters:    Size  Location     Type
  f1              3    8[COMMON] float 
  f2              3   11[COMMON] float 
 Auto vars:     Size  Location     Type
  exp1            1    6[BANK0 ] unsigned char 
  exp2            1    5[BANK0 ] unsigned char 
  sign            1    4[BANK0 ] unsigned char 
 Return value:  Size  Location     Type
                  3    8[COMMON] float 
 Registers used:
		wreg, status,2, status,0, pclath, cstack
 Tracked objects:
		On entry : 
		On exit  : 
		Unchanged: 
 Data sizes:     COMMON   BANK0   BANK1   BANK2   BANK3   BANK4   BANK5   BANK6   BANK7   BANK8   BANK9  BANK10  BANK11  BANK12
      Params:         6       0       0       0       0       0       0       0       0       0       0       0       0       0
      Locals:         0       3       0       0       0       0       0       0       0       0       0       0       0       0
      Temps:          0       4       0       0       0       0       0       0       0       0       0       0       0       0
      Totals:         6       7       0       0       0       0       0       0       0       0       0       0       0       0
Total ram usage:       13 bytes
 Hardware stack levels used:    1
 Hardware stack levels required when called:    1
 This function calls:
		___ftpack
 This function is called by:
		___ftsub
 This function uses a non-reentrant model


 *************** function _hdc1080ReadSerialID *****************
 Defined at:
		line 31 in file "source/hdc1080.c"
 Parameters:    Size  Location     Type
		None
 Auto vars:     Size  Location     Type
		None
 Return value:  Size  Location     Type
                  1    wreg      PTR unsigned int 
 Registers used:
		wreg, fsr0l, fsr0h, status,2, status,0, pclath, cstack
 Tracked objects:
		On entry : 
		On exit  : 
		Unchanged: 
 Data sizes:     COMMON   BANK0   BANK1   BANK2   BANK3   BANK4   BANK5   BANK6   BANK7   BANK8   BANK9  BANK10  BANK11  BANK12
      Params:         0       0       0       0       0       0       0       0       0       0       0       0       0       0
      Locals:         0       0       0       0       0       0       0       0       0       0       0       0       0       0
      Temps:          1       0       0       0       0       0       0       0       0       0       0       0       0       0
      Totals:         1       0       0       0       0       0       0       0       0       0       0       0       0       0
Total ram usage:        1 bytes
 Hardware stack levels used:    1
 Hardware stack levels required when called:    2
 This function calls:
		_i2cReadValue16
 This function is called by:
		_main
 This function uses a non-reentrant model


 *************** function _hdc1080ReadHumidity *****************
 Defined at:
		line 15 in file "source/hdc1080.c"
 Parameters:    Size  Location     Type
		None
 Auto vars:     Size  Location     Type
		None
 Return value:  Size  Location     Type
                  3   10[BANK0 ] float 
 Registers used:
		wreg, fsr0l, fsr0h, status,2, status,0, pclath, cstack
 Tracked objects:
		On entry : 
		On exit  : 
		Unchanged: 
 Data sizes:     COMMON   BANK0   BANK1   BANK2   BANK3   BANK4   BANK5   BANK6   BANK7   BANK8   BANK9  BANK10  BANK11  BANK12
      Params:         0       3       0       0       0       0       0       0       0       0       0       0       0       0
      Locals:         0       0       0       0       0       0       0       0       0       0       0       0       0       0
      Temps:          0       1       0       0       0       0       0       0       0       0       0       0       0       0
      Totals:         0       4       0       0       0       0       0       0       0       0       0       0       0       0
Total ram usage:        4 bytes
 Hardware stack levels used:    1
 Hardware stack levels required when called:    2
 This function calls:
		___ftmul
		___lwtoft
		_i2cReadValue16
 This function is called by:
		_main
 This function uses a non-reentrant model


 *************** function _i2cReadValue16 *****************
 Defined at:
		line 44 in file "source/i2c.c"
 Parameters:    Size  Location     Type
  deviceAddres    1    wreg     unsigned char 
  registerAddr    1    1[COMMON] unsigned char 
 Auto vars:     Size  Location     Type
  deviceAddres    1    5[COMMON] unsigned char 
 Return value:  Size  Location     Type
                  2    1[COMMON] unsigned int 
 Registers used:
		wreg, status,2, status,0, pclath, cstack
 Tracked objects:
		On entry : 
		On exit  : 
		Unchanged: 
 Data sizes:     COMMON   BANK0   BANK1   BANK2   BANK3   BANK4   BANK5   BANK6   BANK7   BANK8   BANK9  BANK10  BANK11  BANK12
      Params:         2       0       0       0       0       0       0       0       0       0       0       0       0       0
      Locals:         1       0       0       0       0       0       0       0       0       0       0       0       0       0
      Temps:          2       0       0       0       0       0       0       0       0       0       0       0       0       0
      Totals:         5       0       0       0       0       0       0       0       0       0       0       0       0       0
Total ram usage:        5 bytes
 Hardware stack levels used:    1
 Hardware stack levels required when called:    1
 This function calls:
		_i2cInitiateRestartCondition
		_i2cInitiateStartCondition
		_i2cInitiateStopCondition
		_i2cReceive
		_i2cTransmit
 This function is called by:
		_hdc1080ReadTemperature
		_hdc1080ReadHumidity
		_hdc1080ReadSerialID
		_hdc1080WriteConfiguration
		_hdc1080ReadDeviceID
		_hdc1080ReadMfgID
 This function uses a non-reentrant model


 *************** function _i2cTransmit *****************
 Defined at:
		line 24 in file "source/i2c.c"
 Parameters:    Size  Location     Type
  transmitValu    1    wreg     unsigned char 
 Auto vars:     Size  Location     Type
  transmitValu    1    0[COMMON] unsigned char 
 Return value:  Size  Location     Type
                  1    wreg      unsigned char 
 Registers used:
		wreg
 Tracked objects:
		On entry : 
		On exit  : 
		Unchanged: 
 Data sizes:     COMMON   BANK0   BANK1   BANK2   BANK3   BANK4   BANK5   BANK6   BANK7   BANK8   BANK9  BANK10  BANK11  BANK12
      Params:         0       0       0       0       0       0       0       0       0       0       0       0       0       0
      Locals:         1       0       0       0       0       0       0       0       0       0       0       0       0       0
      Temps:          0       0       0       0       0       0       0       0       0       0       0       0       0       0
      Totals:         1       0       0       0       0       0       0       0       0       0       0       0       0       0
Total ram usage:        1 bytes
 Hardware stack levels used:    1
 This function calls:
		Nothing
 This function is called by:
		_i2cReadValue16
		_i2cWriteValue16
		_i2cReadValue32
 This function uses a non-reentrant model


 *************** function _i2cReceive *****************
 Defined at:
		line 32 in file "source/i2c.c"
 Parameters:    Size  Location     Type
  ackFlag         1    wreg     unsigned char 
 Auto vars:     Size  Location     Type
  ackFlag         1    0[COMMON] unsigned char 
 Return value:  Size  Location     Type
                  1    wreg      unsigned char 
 Registers used:
		wreg, status,0
 Tracked objects:
		On entry : 
		On exit  : 
		Unchanged: 
 Data sizes:     COMMON   BANK0   BANK1   BANK2   BANK3   BANK4   BANK5   BANK6   BANK7   BANK8   BANK9  BANK10  BANK11  BANK12
      Params:         0       0       0       0       0       0       0       0       0       0       0       0       0       0
      Locals:         1       0       0       0       0       0       0       0       0       0       0       0       0       0
      Temps:          0       0       0       0       0       0       0       0       0       0       0       0       0       0
      Totals:         1       0       0       0       0       0       0       0       0       0       0       0       0       0
Total ram usage:        1 bytes
 Hardware stack levels used:    1
 This function calls:
		Nothing
 This function is called by:
		_i2cReadValue16
		_i2cReadValue32
 This function uses a non-reentrant model


 *************** function _i2cInitiateStopCondition *****************
 Defined at:
		line 10 in file "source/i2c.c"
 Parameters:    Size  Location     Type
		None
 Auto vars:     Size  Location     Type
		None
 Return value:  Size  Location     Type
                  1    wreg      void 
 Registers used:
		None
 Tracked objects:
		On entry : 
		On exit  : 
		Unchanged: 
 Data sizes:     COMMON   BANK0   BANK1   BANK2   BANK3   BANK4   BANK5   BANK6   BANK7   BANK8   BANK9  BANK10  BANK11  BANK12
      Params:         0       0       0       0       0       0       0       0       0       0       0       0       0       0
      Locals:         0       0       0       0       0       0       0       0       0       0       0       0       0       0
      Temps:          0       0       0       0       0       0       0       0       0       0       0       0       0       0
      Totals:         0       0       0       0       0       0       0       0       0       0       0       0       0       0
Total ram usage:        0 bytes
 Hardware stack levels used:    1
 This function calls:
		Nothing
 This function is called by:
		_i2cReadValue16
		_i2cWriteValue16
		_i2cReadValue32
 This function uses a non-reentrant model


 *************** function _i2cInitiateStartCondition *****************
 Defined at:
		line 3 in file "source/i2c.c"
 Parameters:    Size  Location     Type
		None
 Auto vars:     Size  Location     Type
		None
 Return value:  Size  Location     Type
                  1    wreg      void 
 Registers used:
		None
 Tracked objects:
		On entry : 
		On exit  : 
		Unchanged: 
 Data sizes:     COMMON   BANK0   BANK1   BANK2   BANK3   BANK4   BANK5   BANK6   BANK7   BANK8   BANK9  BANK10  BANK11  BANK12
      Params:         0       0       0       0       0       0       0       0       0       0       0       0       0       0
      Locals:         0       0       0       0       0       0       0       0       0       0       0       0       0       0
      Temps:          0       0       0       0       0       0       0       0       0       0       0       0       0       0
      Totals:         0       0       0       0       0       0       0       0       0       0       0       0       0       0
Total ram usage:        0 bytes
 Hardware stack levels used:    1
 This function calls:
		Nothing
 This function is called by:
		_i2cReadValue16
		_i2cWriteValue16
		_i2cReadValue32
 This function uses a non-reentrant model


 *************** function _i2cInitiateRestartCondition *****************
 Defined at:
		line 17 in file "source/i2c.c"
 Parameters:    Size  Location     Type
		None
 Auto vars:     Size  Location     Type
		None
 Return value:  Size  Location     Type
                  1    wreg      void 
 Registers used:
		None
 Tracked objects:
		On entry : 
		On exit  : 
		Unchanged: 
 Data sizes:     COMMON   BANK0   BANK1   BANK2   BANK3   BANK4   BANK5   BANK6   BANK7   BANK8   BANK9  BANK10  BANK11  BANK12
      Params:         0       0       0       0       0       0       0       0       0       0       0       0       0       0
      Locals:         0       0       0       0       0       0       0       0       0       0       0       0       0       0
      Temps:          0       0       0       0       0       0       0       0       0       0       0       0       0       0
      Totals:         0       0       0       0       0       0       0       0       0       0       0       0       0       0
Total ram usage:        0 bytes
 Hardware stack levels used:    1
 This function calls:
		Nothing
 This function is called by:
		_i2cReadValue16
		_i2cReadValue32
 This function uses a non-reentrant model


 *************** function ___lwtoft *****************
 Defined at:
		line 28 in file "C:\Program Files (x86)\Microchip\xc8\v1.38\sources\common\lwtoft.c"
 Parameters:    Size  Location     Type
  c               2    8[COMMON] unsigned int 
 Auto vars:     Size  Location     Type
		None
 Return value:  Size  Location     Type
                  3    8[COMMON] float 
 Registers used:
		wreg, status,2, status,0, pclath, cstack
 Tracked objects:
		On entry : 
		On exit  : 
		Unchanged: 
 Data sizes:     COMMON   BANK0   BANK1   BANK2   BANK3   BANK4   BANK5   BANK6   BANK7   BANK8   BANK9  BANK10  BANK11  BANK12
      Params:         3       0       0       0       0       0       0       0       0       0       0       0       0       0
      Locals:         0       0       0       0       0       0       0       0       0       0       0       0       0       0
      Temps:          1       0       0       0       0       0       0       0       0       0       0       0       0       0
      Totals:         4       0       0       0       0       0       0       0       0       0       0       0       0       0
Total ram usage:        4 bytes
 Hardware stack levels used:    1
 Hardware stack levels required when called:    1
 This function calls:
		___ftpack
 This function is called by:
		_hdc1080ReadTemperature
		_hdc1080ReadHumidity
 This function uses a non-reentrant model


 *************** function ___ftmul *****************
 Defined at:
		line 62 in file "C:\Program Files (x86)\Microchip\xc8\v1.38\sources\common\ftmul.c"
 Parameters:    Size  Location     Type
  f1              3    8[COMMON] float 
  f2              3   11[COMMON] float 
 Auto vars:     Size  Location     Type
  f3_as_produc    3    5[BANK0 ] unsigned um
  sign            1    9[BANK0 ] unsigned char 
  cntr            1    8[BANK0 ] unsigned char 
  exp             1    4[BANK0 ] unsigned char 
 Return value:  Size  Location     Type
                  3    8[COMMON] float 
 Registers used:
		wreg, status,2, status,0, pclath, cstack
 Tracked objects:
		On entry : 
		On exit  : 
		Unchanged: 
 Data sizes:     COMMON   BANK0   BANK1   BANK2   BANK3   BANK4   BANK5   BANK6   BANK7   BANK8   BANK9  BANK10  BANK11  BANK12
      Params:         6       0       0       0       0       0       0       0       0       0       0       0       0       0
      Locals:         0       6       0       0       0       0       0       0       0       0       0       0       0       0
      Temps:          0       4       0       0       0       0       0       0       0       0       0       0       0       0
      Totals:         6      10       0       0       0       0       0       0       0       0       0       0       0       0
Total ram usage:       16 bytes
 Hardware stack levels used:    1
 Hardware stack levels required when called:    1
 This function calls:
		___ftpack
 This function is called by:
		_hdc1080ReadTemperature
		_hdc1080ReadHumidity
 This function uses a non-reentrant model


 *************** function ___ftpack *****************
 Defined at:
		line 62 in file "C:\Program Files (x86)\Microchip\xc8\v1.38\sources\common\float.c"
 Parameters:    Size  Location     Type
  arg             3    0[COMMON] unsigned um
  exp             1    3[COMMON] unsigned char 
  sign            1    4[COMMON] unsigned char 
 Auto vars:     Size  Location     Type
		None
 Return value:  Size  Location     Type
                  3    0[COMMON] float 
 Registers used:
		wreg, status,2, status,0
 Tracked objects:
		On entry : 
		On exit  : 
		Unchanged: 
 Data sizes:     COMMON   BANK0   BANK1   BANK2   BANK3   BANK4   BANK5   BANK6   BANK7   BANK8   BANK9  BANK10  BANK11  BANK12
      Params:         5       0       0       0       0       0       0       0       0       0       0       0       0       0
      Locals:         0       0       0       0       0       0       0       0       0       0       0       0       0       0
      Temps:          3       0       0       0       0       0       0       0       0       0       0       0       0       0
      Totals:         8       0       0       0       0       0       0       0       0       0       0       0       0       0
Total ram usage:        8 bytes
 Hardware stack levels used:    1
 This function calls:
		Nothing
 This function is called by:
		___ftadd
		___ftmul
		___lwtoft
 This function uses a non-reentrant model


 *************** function _configureUART *****************
 Defined at:
		line 23 in file "source/peripheralConfiguration.c"
 Parameters:    Size  Location     Type
		None
 Auto vars:     Size  Location     Type
		None
 Return value:  Size  Location     Type
                  1    wreg      void 
 Registers used:
		wreg, status,2
 Tracked objects:
		On entry : 
		On exit  : 
		Unchanged: 
 Data sizes:     COMMON   BANK0   BANK1   BANK2   BANK3   BANK4   BANK5   BANK6   BANK7   BANK8   BANK9  BANK10  BANK11  BANK12
      Params:         0       0       0       0       0       0       0       0       0       0       0       0       0       0
      Locals:         0       0       0       0       0       0       0       0       0       0       0       0       0       0
      Temps:          0       0       0       0       0       0       0       0       0       0       0       0       0       0
      Totals:         0       0       0       0       0       0       0       0       0       0       0       0       0       0
Total ram usage:        0 bytes
 Hardware stack levels used:    1
 This function calls:
		Nothing
 This function is called by:
		_main
 This function uses a non-reentrant model


 *************** function _configureInterrupts *****************
 Defined at:
		line 4 in file "source/interrupts.c"
 Parameters:    Size  Location     Type
		None
 Auto vars:     Size  Location     Type
		None
 Return value:  Size  Location     Type
                  2    4[None  ] int 
 Registers used:
		None
 Tracked objects:
		On entry : 
		On exit  : 
		Unchanged: 
 Data sizes:     COMMON   BANK0   BANK1   BANK2   BANK3   BANK4   BANK5   BANK6   BANK7   BANK8   BANK9  BANK10  BANK11  BANK12
      Params:         0       0       0       0       0       0       0       0       0       0       0       0       0       0
      Locals:         0       0       0       0       0       0       0       0       0       0       0       0       0       0
      Temps:          0       0       0       0       0       0       0       0       0       0       0       0       0       0
      Totals:         0       0       0       0       0       0       0       0       0       0       0       0       0       0
Total ram usage:        0 bytes
 Hardware stack levels used:    1
 This function calls:
		Nothing
 This function is called by:
		_main
 This function uses a non-reentrant model


 *************** function _configureI2C *****************
 Defined at:
		line 16 in file "source/peripheralConfiguration.c"
 Parameters:    Size  Location     Type
		None
 Auto vars:     Size  Location     Type
		None
 Return value:  Size  Location     Type
                  1    wreg      void 
 Registers used:
		wreg, status,2, status,0
 Tracked objects:
		On entry : 
		On exit  : 
		Unchanged: 
 Data sizes:     COMMON   BANK0   BANK1   BANK2   BANK3   BANK4   BANK5   BANK6   BANK7   BANK8   BANK9  BANK10  BANK11  BANK12
      Params:         0       0       0       0       0       0       0       0       0       0       0       0       0       0
      Locals:         0       0       0       0       0       0       0       0       0       0       0       0       0       0
      Temps:          0       0       0       0       0       0       0       0       0       0       0       0       0       0
      Totals:         0       0       0       0       0       0       0       0       0       0       0       0       0       0
Total ram usage:        0 bytes
 Hardware stack levels used:    1
 This function calls:
		Nothing
 This function is called by:
		_main
 This function uses a non-reentrant model


 *************** function _configureGPIO *****************
 Defined at:
		line 10 in file "source/peripheralConfiguration.c"
 Parameters:    Size  Location     Type
		None
 Auto vars:     Size  Location     Type
		None
 Return value:  Size  Location     Type
                  1    wreg      void 
 Registers used:
		None
 Tracked objects:
		On entry : 
		On exit  : 
		Unchanged: 
 Data sizes:     COMMON   BANK0   BANK1   BANK2   BANK3   BANK4   BANK5   BANK6   BANK7   BANK8   BANK9  BANK10  BANK11  BANK12
      Params:         0       0       0       0       0       0       0       0       0       0       0       0       0       0
      Locals:         0       0       0       0       0       0       0       0       0       0       0       0       0       0
      Temps:          0       0       0       0       0       0       0       0       0       0       0       0       0       0
      Totals:         0       0       0       0       0       0       0       0       0       0       0       0       0       0
Total ram usage:        0 bytes
 Hardware stack levels used:    1
 This function calls:
		Nothing
 This function is called by:
		_main
 This function uses a non-reentrant model


 *************** function _configureClock *****************
 Defined at:
		line 5 in file "source/peripheralConfiguration.c"
 Parameters:    Size  Location     Type
		None
 Auto vars:     Size  Location     Type
		None
 Return value:  Size  Location     Type
                  1    wreg      void 
 Registers used:
		wreg, status,2, status,0
 Tracked objects:
		On entry : 
		On exit  : 
		Unchanged: 
 Data sizes:     COMMON   BANK0   BANK1   BANK2   BANK3   BANK4   BANK5   BANK6   BANK7   BANK8   BANK9  BANK10  BANK11  BANK12
      Params:         0       0       0       0       0       0       0       0       0       0       0       0       0       0
      Locals:         0       0       0       0       0       0       0       0       0       0       0       0       0       0
      Temps:          0       0       0       0       0       0       0       0       0       0       0       0       0       0
      Totals:         0       0       0       0       0       0       0       0       0       0       0       0       0       0
Total ram usage:        0 bytes
 Hardware stack levels used:    1
 This function calls:
		Nothing
 This function is called by:
		_main
 This function uses a non-reentrant model


 *************** function ___fttol *****************
 Defined at:
		line 44 in file "C:\Program Files (x86)\Microchip\xc8\v1.38\sources\common\fttol.c"
 Parameters:    Size  Location     Type
  f1              3    0[COMMON] float 
 Auto vars:     Size  Location     Type
  lval            4    9[COMMON] unsigned long 
  exp1            1   13[COMMON] unsigned char 
  sign1           1    8[COMMON] unsigned char 
 Return value:  Size  Location     Type
                  4    0[COMMON] long 
 Registers used:
		wreg, status,2, status,0
 Tracked objects:
		On entry : 
		On exit  : 
		Unchanged: 
 Data sizes:     COMMON   BANK0   BANK1   BANK2   BANK3   BANK4   BANK5   BANK6   BANK7   BANK8   BANK9  BANK10  BANK11  BANK12
      Params:         4       0       0       0       0       0       0       0       0       0       0       0       0       0
      Locals:         6       0       0       0       0       0       0       0       0       0       0       0       0       0
      Temps:          4       0       0       0       0       0       0       0       0       0       0       0       0       0
      Totals:        14       0       0       0       0       0       0       0       0       0       0       0       0       0
Total ram usage:       14 bytes
 Hardware stack levels used:    1
 This function calls:
		Nothing
 This function is called by:
		_main
 This function uses a non-reentrant model



MODULE INFORMATION

Module		Function		Class		Link	Load	Size
source/hdc1080.c
		_hdc1080ReadSerialID		CODE           	041A	0000	65
		_hdc1080ReadTemperature		CODE           	055D	0000	104
		_hdc1080ReadHumidity		CODE           	04A8	0000	82
		_hdc1080WriteConfiguration		CODE           	03DD	0000	62

source/hdc1080.c estimated size: 313

source/peripheralConfiguration.c
		_configureI2C  		CODE           	0329	0000	10
		_configureGPIO 		CODE           	0300	0000	5
		_configureUART 		CODE           	0332	0000	11
		_configureClock		CODE           	0308	0000	7

source/peripheralConfiguration.c estimated size: 33

C:\Program Files (x86)\Microchip\xc8\v1.38\sources\common\ftsub.c
		___ftsub       		CODE           	0386	0000	31

C:\Program Files (x86)\Microchip\xc8\v1.38\sources\common\ftsub.c estimated size: 31

C:\Program Files (x86)\Microchip\xc8\v1.38\sources\common\float.c
		___ftpack      		CODE           	04F9	0000	101

C:\Program Files (x86)\Microchip\xc8\v1.38\sources\common\float.c estimated size: 101

source/i2c.c
		_i2cReadValue16		CODE           	03A4	0000	58
		_i2cTransmit   		CODE           	033C	0000	12
		_i2cInitiateStartCondition		CODE           	031B	0000	8
		_i2cInitiateRestartCondition		CODE           	0314	0000	8
		_i2cReceive    		CODE           	035A	0000	22
		_i2cWriteValue16		CODE           	036F	0000	24
		_i2cInitiateStopCondition		CODE           	0322	0000	8

source/i2c.c estimated size: 140

source/main.c
		_main          		CODE           	045A	0000	79

source/main.c estimated size: 79

C:\Program Files (x86)\Microchip\xc8\v1.38\sources\common\ftmul.c
		___ftmul       		CODE           	064A	0000	180

C:\Program Files (x86)\Microchip\xc8\v1.38\sources\common\ftmul.c estimated size: 180

C:\Program Files (x86)\Microchip\xc8\v1.38\sources\common\fttol.c
		___fttol       		CODE           	05C4	0000	135

C:\Program Files (x86)\Microchip\xc8\v1.38\sources\common\fttol.c estimated size: 135

shared
		_HDC1080Registers		STRCODE        	0888	0000	10
		__initialization		CODE           	07F2	0000	12
		esp8266@esp8266ATCommands		STRCODE        	0844	0000	69
		_esp8266ATCommands		STRCODE        	0000	0000	0

shared estimated size: 91

C:\Program Files (x86)\Microchip\xc8\v1.38\sources\common\lwtoft.c
		___lwtoft      		CODE           	0347	0000	20

C:\Program Files (x86)\Microchip\xc8\v1.38\sources\common\lwtoft.c estimated size: 20

C:\Program Files (x86)\Microchip\xc8\v1.38\sources\common\ftadd.c
		___ftadd       		CODE           	06FD	0000	246

C:\Program Files (x86)\Microchip\xc8\v1.38\sources\common\ftadd.c estimated size: 246

source/interrupts.c
		_configureInterrupts		CODE           	0304	0000	5

source/interrupts.c estimated size: 5

